// Jest Snapshot v1, https://goo.gl/fbAQLP

exports[`<Layout /> renders without errors 1`] = `
<div
  className="layout"
>
  <div
    className="layout--side"
  >
    <ConnectFunction />
  </div>
  <section
    className="layout--main"
  />
</div>
`;
